// Jest Snapshot v1, https://goo.gl/fbAQLP

exports[`<Home /> snapshots should match snapshot 1`] = `
<RNCSafeAreaProvider
  onInsetsChange={[Function]}
  style={
    Array [
      Object {
        "flex": 1,
      },
      undefined,
    ]
  }
>
  <View
    style={
      Array [
        Object {
          "alignItems": "center",
          "display": "flex",
          "flexBasis": 0,
          "flexGrow": 1,
          "flexShrink": 1,
          "justifyContent": "center",
        },
      ]
    }
  >
    <Text
      style={
        Array [
          Object {
            "color": "#5e5e5e",
            "fontFamily": "Inter_500",
            "fontSize": 16,
          },
          Object {
            "fontFamily": "Inter_700",
          },
        ]
      }
    >
      Hello Home
    </Text>
  </View>
</RNCSafeAreaProvider>
`;
