// Jest Snapshot v1, https://goo.gl/fbAQLP

exports[`<Text /> snapshots should match snapshot 1`] = `
<RNCSafeAreaProvider
  onInsetsChange={[Function]}
  style={
    Array [
      Object {
        "flex": 1,
      },
      undefined,
    ]
  }
>
  <Text
    style={
      Array [
        Object {
          "color": "#5e5e5e",
          "fontFamily": "Inter_500",
          "fontSize": 16,
        },
      ]
    }
  >
    Hello Text
  </Text>
</RNCSafeAreaProvider>
`;
